# JDK-8261495: Shenandoah: reconsider update references memory ordering

## 基本信息

| 属性 | 值 |
|------|-----|
| **Issue** | [JDK-8261495](https://bugs.openjdk.org/browse/JDK-8261495) |
| **PR** | [#2498](https://github.com/openjdk/jdk/pull/2498) |
| **Author** | shipilev |
| **组织** | Amazon |
| **Created** | 2021-02-10 |
| **Merged** | 2021-06-30 |
| **审查天数** | 140 |
| **版本** | JDK 17 |
| **优先级** | P4 |
| **组件** | hotspot |
| **模块** | gc/shenandoah |
| **代码变更** | +115 / -37 (7 files) |
| **审查者** | rkennke, shipilev, zhengyu123 (3 人) |

## 描述

Shenandoah update heap references code uses default Atomic::cmpxchg to avoid races with mutator updates. Hotspot's default for atomic operations is memory_order_conservative, which emits two-way memory fences around the CASes at least on AArch64 and PPC64.

This seems to be excessive for Shenandoah update references code, and "release" is enough. We do not seem to piggyback on update-references memory effects anywhere (in fact, if not for mutator, we would not even need a CAS). But, there is an interplay with concurrent evacuation and updates from self-healing.

Average time goes down, the number of GC cycles go up, since the cycles are shorter. For example, `SPECjvm2008:compiler.sunflow`:

```
# Before
[172.931s][info][gc,stats] Concurrent Update Refs         =    9.866 s (a =    60161 us)
[283.225s][info][gc,stats] Concurrent Update Refs         =    8.274 s (a =    57859 us)
[232.514s][info][gc,stats] Concurrent Update Refs         =    9.321 s (a =    58991 us)
[215.495s][info][gc,stats] Concurrent Update Refs         =    9.233 s (a =    58434 us)
[217.557s][info][gc,stats] Concurrent Update Refs         =    9.153 s (a =    58672 us)

# After
[169.752s][info][gc,stats] Concurrent Update Refs         =    8.150 s (a =    49697 us)
[168.798s][info][gc,stats] Concurrent Update Refs         =    8.430 s (a =    51092 us)
[166.353s][info][gc,stats] Concurrent Update Refs         =    8.812 s (a =    54395 us)
[236.542s][info][gc,stats] Concurrent Update Refs         =    8.215 s (a =    51026 us)
[214.006s][info][gc,stats] Concurrent Update Refs         =    8.244 s (a =    52175 us)
```

Additional testing:
 - [x] Linux x86_64 hotspot_gc_shenandoah
 - [x] Linux AArch64 hotspot_gc_shenandoah
 - [x] Linux AArch64 tier1 with Shenandoah

<!-- Anything below this marker will be automatically updated, please do not edit manually! -->
---------
### Progress
- [x] Change must not contain extraneous whitespace
- [x] Commit message must refer to an


> **Backported to**: JDK 17u

---

> **生成时间**: 2026-03-25
