# JDK-8357818: Shenandoah doesn't use shared API for printing heap before/after GC

## 基本信息

| 属性 | 值 |
|------|-----|
| **Issue** | [JDK-8357818](https://bugs.openjdk.org/browse/JDK-8357818) |
| **PR** | [#26272](https://github.com/openjdk/jdk/pull/26272) |
| **Author** | rgithubli |
| **Created** | 2025-07-11 |
| **Merged** | 2025-07-24 |
| **审查天数** | 13 |
| **版本** | JDK 25 |
| **优先级** | P4 |
| **组件** | hotspot |
| **模块** | gc/shenandoah |
| **代码变更** | +4 / -0 (2 files) |
| **审查者** | earthling-amzn, kdnilsen, ysramakrishna (3 人) |

## 描述

Add logging for Shenandoah as well as Generational Shenandoah. 

Log samples:

```
######################################
Before gc
######################################
[0.231s][debug][gc,heap      ] GC(0) Heap Before GC invocations=0 (full 0):
[0.231s][debug][gc,heap      ] GC(0)  Shenandoah Heap
[0.231s][debug][gc,heap      ] GC(0)   100M max, 100M soft max, 100M committed, 39686K used
[0.231s][debug][gc,heap      ] GC(0)   400 x 256 K regions
[0.231s][debug][gc,heap      ] GC(0)  Status: not cancelled
[0.231s][debug][gc,heap      ] GC(0)  Reserved region:
[0.231s][debug][gc,heap      ] GC(0)   - [0x00000000f9c00000, 0x0000000100000000) 
[0.231s][debug][gc,heap      ] GC(0)  Collection set:
[0.231s][debug][gc,heap      ] GC(0)   - map (vanilla): 0x0000000000004e70
[0.231s][debug][gc,heap      ] GC(0)   - map (biased):  0x0000000000001000
[0.231s][debug][gc,heap      ] GC(0) 
[0.231s][debug][gc,metaspace ] GC(0) Metaspace Before GC invocations=0 (full 0):
[0.231s][debug][gc,metaspace ] GC(0)  Metaspace       used 153K, committed 384K, reserved 1114112K
[0.231s][debug][gc,metaspace ] GC(0)   class space    used 3K, committed 128K, reserved 1048576K




######################################
After gc
######################################
[2.067s][debug][gc,heap        ] GC(11) Heap After GC invocations=0 (full 0):
[2.067s][debug][gc,heap        ] GC(11)  Shenandoah Heap
[2.067s][debug][gc,heap        ] GC(11)   100M max, 100M soft max, 100M committed, 101356K used
[2.067s][debug][gc,heap        ] GC(11)   400 x 256 K regions
[2.067s][debug][gc,heap        ] GC(11)  Status: not cancelled
[2.067s][debug][gc,heap        ] GC(11)  Reserved region:
[2.067s][debug][gc,heap        ] GC(11)   - [0x00000000f9c00000, 0x0000000100000000) 
[2.067s][debug][gc,heap        ] GC(11)  Collection set:
[2.067s][debug][gc,heap        ] GC(11)   - map (vanilla): 0x0000000000004e70
[2.067s][debug][gc,heap        ] GC(11)   - map (biased):  0x000000

---

> **生成时间**: 2026-03-25
