# JDK-8257149: Improve G1 Service thread task scheduling to guarantee task delay

## 基本信息

| 属性 | 值 |
|------|-----|
| **Issue** | [JDK-8257149](https://bugs.openjdk.org/browse/JDK-8257149) |
| **PR** | [#1451](https://github.com/openjdk/jdk/pull/1451) |
| **Author** | albertnetymk |
| **组织** | Oracle |
| **Created** | 2020-11-26 |
| **Merged** | 2020-11-27 |
| **审查天数** | 1 |
| **版本** | JDK 16 |
| **优先级** | P4 |
| **组件** | hotspot |
| **模块** | gc/g1 |
| **代码变更** | +16 / -20 (3 files) |
| **审查者** | kstefanj, walulyai (2 人) |

## 描述

Adopt the "at-least" semantics for scheduling delays in G1 service thread scheduling API so that a task is never scheduled earlier than it asked for. IOW, `schedule_task(task, delay_ms)` means `task` will run after `>= delay_ms` has passed.

Inspecting the logs (`-Xlog:gc,gc+task*=trace`) and focusing lines containing `(Remembered Set Sampling Task) (schedule)`, we can see at what time the sampling task is scheduled.
 
Without `ceil`, sampling task could be scheduled more frequent than intended:
```
[0.321s][trace][gc,task      ] G1 Service Thread (Remembered Set Sampling Task) (schedule) @0.322s
[0.321s][debug][gc,task      ] G1 Service Thread (Remembered Set Sampling Task) (run) 0.042ms (cpu: 0.000ms)
[0.321s][debug][gc,task,start] G1 Service Thread (Remembered Set Sampling Task) (run)
[0.321s][trace][gc,task      ] G1 Service Thread (Remembered Set Sampling Task) (schedule) @0.322s
[0.321s][debug][gc,task      ] G1 Service Thread (Remembered Set Sampling Task) (run) 0.010ms (cpu: 0.000ms)
[0.321s][debug][gc,task,start] G1 Service Thread (Remembered Set Sampling Task) (run)
[0.321s][trace][gc,task      ] G1 Service Thread (Remembered Set Sampling Task) (schedule) @0.322s
[0.321s][debug][gc,task      ] G1 Service Thread (Remembered Set Sampling Task) (run) 0.008ms (cpu: 0.000ms)
[0.321s][debug][gc,task,start] G1 Service Thread (Remembered Set Sampling Task) (run)

```
With ceil; there's 300ms (`G1ConcRefinementServiceIntervalMillis`) interval btw each scheduling of the sampling task.
```
[0.093s][trace][gc,task      ] G1 Service Thread (Remembered Set Sampling Task) (schedule) @0.323s
[0.093s][debug][gc,task      ] G1 Service Thread (Remembered Set Sampling Task) (run) 0.006ms (cpu: 0.000ms)
[0.093s][debug][gc,task,start] G1 Service Thread (Periodic GC Task) (run)
[0.093s][trace][gc,task      ] G1 Service Thread (Periodic GC Task) (schedule) @1.093s
[0.093s][debug][gc,task      ] G1 Service Thread (Periodic GC Task) (run) 0.004ms (cpu: 0.000m

---

> **生成时间**: 2026-03-25
