# JDK-8259404: Shenandoah: Fix time tracking in parallel_cleaning

## 基本信息

| 属性 | 值 |
|------|-----|
| **Issue** | [JDK-8259404](https://bugs.openjdk.org/browse/JDK-8259404) |
| **PR** | [#2073](https://github.com/openjdk/jdk/pull/2073) |
| **Author** | zhengyu123 |
| **组织** | Oracle |
| **Created** | 2021-01-14 |
| **Merged** | 2021-01-29 |
| **审查天数** | 15 |
| **版本** | JDK 17 |
| **优先级** | P4 |
| **组件** | hotspot |
| **模块** | gc/shenandoah |
| **代码变更** | +47 / -38 (5 files) |
| **审查者** | shipilev (1 人) |

## 描述

Please review this patch fixes timing tracking for parallel cleaning.

Before:
`[9.844s][info][gc,stats] System Purge = 0.000 s (a = 76 us) (n = 1) (lvls, us = 76, 76, 76, 76, 76)` **<<== looks wrong**
`[9.844s][info][gc,stats] Unload Classes = 0.001 s (a = 541 us) (n = 1) (lvls, us = 541, 541, 541, 541, 541)`
`[9.844s][info][gc,stats] Weak Roots = 0.000 s (a = 75 us) (n = 1) (lvls, us = 75, 75, 75, 75, 75)`
`[9.844s][info][gc,stats] CLDG = 0.000 s (a = 0 us) (n = 1) (lvls, us = 0, 0, 0, 0, 0)`
After:
`[9.936s][info][gc,stats] System Purge = 0.001 s (a = 611 us) (n = 1) (lvls, us = 609, 609, 609, 609, 611)`
`[9.936s][info][gc,stats] Unload Classes = 0.000 s (a = 475 us) (n = 1) (lvls, us = 475, 475, 475, 475, 475)`
`[9.936s][info][gc,stats] DCU: <total> = 0.000 s (a = 162 us) (n = 1) (lvls, us = 160, 160, 160, 160, 162)`
`[9.936s][info][gc,stats] DCU: Code Cache Roots = 0.000 s (a = 162 us) (n = 1) (lvls, us = 160, 160, 160, 160, 162)`
`[9.936s][info][gc,stats] Weak Roots = 0.000 s (a = 105 us) (n = 1) (lvls, us = 105, 105, 105, 105, 105)`
`[9.936s][info][gc,stats] DWR: <total> = 0.000 s (a = 210 us) (n = 1) (lvls, us = 209, 209, 209, 209, 210)`
`[9.936s][info][gc,stats] DWR: VM Weak Roots = 0.000 s (a = 210 us) (n = 1) (lvls, us = 209, 209, 209, 209)`

<!--
Replace this text with a description of your pull request (also remove the surrounding HTML comment markers).
If in doubt, feel free to delete everything in this edit box first, the bot will restore the progress section as needed.
-->

<!-- Anything below this marker will be automatically updated, please do not edit manually! -->
---------
### Progress
- [x] Change must not contain extraneous whitespace
- [x] Commit message must refer to an issue
- [x] Change must be properly reviewed

### Issue
 * [JDK-8259404](https://bugs.openjdk.java.net/browse/JDK-8259404): Shenandoah: Fix time tracking in parallel_cleaning


### Reviewers
 * [Aleksey Shipilev](https://openjdk.java.net/census#shade) (@shi

---

> **生成时间**: 2026-03-25
