# JDK-8338490: Serial: Move Generation::print_on to subclasses

## 基本信息

| 属性 | 值 |
|------|-----|
| **Issue** | [JDK-8338490](https://bugs.openjdk.org/browse/JDK-8338490) |
| **PR** | [#20607](https://github.com/openjdk/jdk/pull/20607) |
| **Author** | albertnetymk |
| **组织** | Oracle |
| **Created** | 2024-08-16 |
| **Merged** | 2024-08-21 |
| **审查天数** | 5 |
| **版本** | JDK 23 |
| **优先级** | P4 |
| **组件** | hotspot |
| **模块** | arch/x86 |
| **代码变更** | +28 / -38 (7 files) |
| **审查者** | albertnetymk, lgxbslgx (2 人) |

## 描述

Trivial inlining a virtual method to subclasses and some cleanup to related methods.

The gc-log is slightly updated due to the change of the name of generations. Log before&after shown below:

```
# baseline

[2.417s][debug][gc,heap] GC(0)  def new generation   total 153600K, used 76645K [0x000000060d800000, 0x0000000617ea0000, 0x00000006b3aa0000)
[2.417s][debug][gc,heap] GC(0)   eden space 136576K,  56% used [0x000000060d800000, 0x00000006122d9538, 0x0000000615d60000)
[2.417s][debug][gc,heap] GC(0)   from space 17024K,   0% used [0x0000000615d60000, 0x0000000615d60000, 0x0000000616e00000)
[2.417s][debug][gc,heap] GC(0)   to   space 17024K,   0% used [0x0000000616e00000, 0x0000000616e00000, 0x0000000617ea0000)
[2.417s][debug][gc,heap] GC(0)  tenured generation   total 341376K, used 0K [0x00000006b3aa0000, 0x00000006c8800000, 0x0000000800000000)
[2.417s][debug][gc,heap] GC(0)    the space 341376K,   0% used [0x00000006b3aa0000, 0x00000006b3aa0000, 0x00000006c8800000)

# new

[9.846s][debug][gc,heap] GC(0)  DefNew     total 153600K, used 71165K [0x000000060d800000, 0x0000000617ea0000, 0x00000006b3aa0000)
[9.846s][debug][gc,heap] GC(0)   eden space 136576K,  52% used [0x000000060d800000, 0x0000000611d7f708, 0x0000000615d60000)
[9.846s][debug][gc,heap] GC(0)   from space 17024K,   0% used [0x0000000615d60000, 0x0000000615d60000, 0x0000000616e00000)
[9.846s][debug][gc,heap] GC(0)   to   space 17024K,   0% used [0x0000000616e00000, 0x0000000616e00000, 0x0000000617ea0000)
[9.846s][debug][gc,heap] GC(0)  Tenured    total 341376K, used 0K [0x00000006b3aa0000, 0x00000006c8800000, 0x0000000800000000)
[9.846s][debug][gc,heap] GC(0)    the space 341376K,   0% used [0x00000006b3aa0000, 0x00000006b3aa0000, 0x00000006c8800000)

```

<!-- Anything below this marker will be automatically updated, please do not edit manually! -->
---------
### Progress
- [x] Change must be properly reviewed (1 review required, with at least 1 [Reviewer](https://openjdk.org/byla

---

> **生成时间**: 2026-03-25
