# JDK-8272651: G1 heap region info print order changed by JDK-8269914

## 基本信息

| 属性 | 值 |
|------|-----|
| **Issue** | [JDK-8272651](https://bugs.openjdk.org/browse/JDK-8272651) |
| **PR** | [#5252](https://github.com/openjdk/jdk/pull/5252) |
| **Author** | kstefanj |
| **组织** | Oracle |
| **Created** | 2021-08-25 |
| **Merged** | 2021-08-30 |
| **审查天数** | 5 |
| **版本** | JDK 17 |
| **优先级** | P3 |
| **组件** | hotspot |
| **模块** | gc/g1 |
| **代码变更** | +28 / -20 (5 files) |
| **审查者** | albertnetymk, kstefanj, tschatzl, walulyai (4 人) |

## 描述

Please review this small change to restore and coordinate the order of the G1 logs. 

**Summary**
Recent changes have slightly re-ordered parts of the G1 logs printed with `-Xlog:gc*` for young and full collections. This change will mostly restore the order but also address some differences we had in the past. The biggest part of this change is making sure the region transitions are printed at the "correct" place. For young collections they are moved to just after the phases and for full collections they are moved to be before the end of the pause log.

Example logs:
```
[0,046s][info][gc,start    ] GC(0) Pause Young (Concurrent Start) (System.gc())
[0,048s][info][gc,task     ] GC(0) Using 24 workers of 28 for evacuation
[0,049s][info][gc,phases   ] GC(0)   Pre Evacuate Collection Set: 0,1ms
[0,049s][info][gc,phases   ] GC(0)   Merge Heap Roots: 0,1ms
[0,049s][info][gc,phases   ] GC(0)   Evacuate Collection Set: 0,4ms
[0,049s][info][gc,phases   ] GC(0)   Post Evacuate Collection Set: 0,3ms
[0,049s][info][gc,phases   ] GC(0)   Other: 2,5ms
[0,049s][info][gc,heap     ] GC(0) Eden regions: 1->0(5)
[0,049s][info][gc,heap     ] GC(0) Survivor regions: 0->1(1)
[0,049s][info][gc,heap     ] GC(0) Old regions: 0->0
[0,049s][info][gc,heap     ] GC(0) Archive regions: 2->2
[0,049s][info][gc,heap     ] GC(0) Humongous regions: 0->0
[0,049s][info][gc,metaspace] GC(0) Metaspace: 73K(320K)->73K(320K) NonClass: 70K(192K)->70K(192K) Class: 3K(128K)->3K(128K)
[0,049s][info][gc          ] GC(0) Pause Young (Concurrent Start) (System.gc()) 9M->8M(1024M) 3,563ms
[0,049s][info][gc,cpu      ] GC(0) User=0,00s Sys=0,00s Real=0,00s
```
```
[0,044s][info][gc,start    ] GC(0) Pause Full (System.gc())
[0,044s][info][gc,task     ] GC(0) Using 3 workers of 28 for full compaction
[0,044s][info][gc,phases,start] GC(0) Phase 1: Mark live objects
[0,044s][info][gc,phases      ] GC(0) Phase 1: Mark live objects 0,607ms
[0,044s][info][gc,phases,start] GC(0) Phase 2: Prepare


> **Backported to**: JDK 17u

---

> **生成时间**: 2026-03-25
