# JDK-8341643: G1: Merged cards counter skewed by merge cards cache

## 基本信息

| 属性 | 值 |
|------|-----|
| **Issue** | [JDK-8341643](https://bugs.openjdk.org/browse/JDK-8341643) |
| **PR** | [#21390](https://github.com/openjdk/jdk/pull/21390) |
| **Author** | tschatzl |
| **组织** | Oracle |
| **Created** | 2024-10-07 |
| **Merged** | 2024-10-08 |
| **审查天数** | 1 |
| **版本** | JDK 24 |
| **优先级** | P4 |
| **组件** | hotspot |
| **模块** | gc/g1 |
| **代码变更** | +9 / -0 (1 files) |
| **审查者** | Hamlin-Li, walulyai (2 人) |

## 描述

Hi all,

   please review this change that subtracts the dummy cards from the merge cards counter at the end of the phase to keep its value correct.

E.g. previously log output with no actual cards being merged looks as follows:
```
 [0.991s][debug][gc,phases ] GC(11) Remembered Sets (ms): Min: 0.03, Avg: 0.03, Max: 0.03, Diff: 0.01, Sum: 0.11, Workers: 4
[0.991s][debug][gc,phases ] GC(11) Eager Reclaim (ms): skipped
[0.991s][debug][gc,phases ] GC(11) Merged Inline: Min: 0, Avg: 0.0, Max: 0, Diff: 0, Sum: 0, Workers: 4
[0.991s][debug][gc,phases ] GC(11) Merged ArrayOfCards: Min: 0, Avg: 0.0, Max: 0, Diff: 0, Sum: 0, Workers: 4
[0.991s][debug][gc,phases ] GC(11) Merged Howl: Min: 0, Avg: 0.0, Max: 0, Diff: 0, Sum: 0, Workers: 4
[0.991s][debug][gc,phases ] GC(11) Merged Full: Min: 0, Avg: 0.0, Max: 0, Diff: 0, Sum: 0, Workers: 4
[0.991s][debug][gc,phases ] GC(11) Merged Howl Inline: Min: 0, Avg: 0.0, Max: 0, Diff: 0, Sum: 0, Workers: 4
[0.991s][debug][gc,phases ] GC(11) Merged Howl ArrayOfCards: Min: 0, Avg: 0.0, Max: 0, Diff: 0, Sum: 0, Workers: 4
[0.991s][debug][gc,phases ] GC(11) Merged Howl BitMap: Min: 0, Avg: 0.0, Max: 0, Diff: 0, Sum: 0, Workers: 4
[0.991s][debug][gc,phases ] GC(11) Merged Howl Full: Min: 0, Avg: 0.0, Max: 0, Diff: 0, Sum: 0, Workers: 4
[0.991s][debug][gc,phases ] GC(11) Merged Cards: Min: 8, Avg: 8.0, Max: 8, Diff: 0, Sum: 32, Workers: 4
```
(Note that none of the other categories have non-zero values)
to
```
[0.991s][debug][gc,phases ] GC(11) Merged Cards: Min: 0, Avg: 0.0, Max: 0, Diff: 0, Sum: 0, Workers: 4
```

For the same test (gcbasher in this case).

Testing: gha, log messages

Thanks,
  Thomas

<!-- Anything below this marker will be automatically updated, please do not edit manually! -->
---------
### Progress
- [x] Change must be properly reviewed (1 review required, with at least 1 [Reviewer](https://openjdk.org/bylaws#reviewer))
- [x] Change must not contain extraneous whitespace
- [x] Commit message m

---

> **生成时间**: 2026-03-25
