# JDK-8345423: Shenandoah: Parallelize concurrent cleanup

## 基本信息

| 属性 | 值 |
|------|-----|
| **Issue** | [JDK-8345423](https://bugs.openjdk.org/browse/JDK-8345423) |
| **PR** | [#22538](https://github.com/openjdk/jdk/pull/22538) |
| **Author** | pengxiaolong |
| **组织** | Amazon |
| **Created** | 2024-12-04 |
| **Merged** | 2024-12-12 |
| **审查天数** | 8 |
| **版本** | JDK 24 |
| **优先级** | P4 |
| **组件** | hotspot |
| **模块** | gc/shenandoah |
| **代码变更** | +171 / -148 (13 files) |
| **审查者** | earthling-amzn, kdnilsen, pengxiaolong, ysramakrishna (4 人) |

## 描述

Concurrent cleanup after Shenandoah collection cycle is executed by single thread(Shenandoah control thread), since currently recycling trashed regions requires heap lock even it can be done w/o heap lock. This PR is a proposal to parallelize the execution of Shenandoah concurrent cleanup after making recycling trashed regions lock free. 

With the change the time execute Concurrent cleanup has been significantly improved by 10+ times, throughput/allocation rate is also improved significantly:

TIP:
```
[30.380s][info][gc] GC(1245) Concurrent cleanup (Young) 3491M->739M(4096M) 3.634ms
[30.404s][info][gc] GC(1246) Concurrent cleanup (Young) 3258M->377M(4096M) 2.233ms
[30.434s][info][gc] GC(1247) Concurrent cleanup (Young) 2887M->333M(4096M) 7.958ms
[30.464s][info][gc] GC(1248) Concurrent cleanup (Young) 3134M->472M(4096M) 6.097ms
[30.487s][info][gc] GC(1249) Concurrent cleanup (Young) 2922M->212M(4096M) 3.072ms
[30.519s][info][gc] GC(1250) Concurrent cleanup (Young) 3404M->549M(4096M) 3.730ms
[30.552s][info][gc] GC(1251) Concurrent cleanup (Young) 3542M->712M(4096M) 6.118ms
[30.579s][info][gc] GC(1252) Concurrent cleanup (Young) 3257M->373M(4096M) 5.049ms
[30.608s][info][gc] GC(1253) Concurrent cleanup (Young) 3390M->418M(4096M) 2.779ms
```
Parallelized:
```
[30.426s][info][gc] GC(1557) Concurrent cleanup (Young) 3208M->43M(4096M) 0.177ms
[30.510s][info][gc] GC(1560) Concurrent cleanup (Young) 2938M->161M(4096M) 0.220ms
[30.534s][info][gc] GC(1561) Concurrent cleanup (Young) 2960M->57M(4096M) 0.164ms
[30.564s][info][gc] GC(1562) Concurrent cleanup (Young) 3189M->106M(4096M) 0.176ms
[30.595s][info][gc] GC(1563) Concurrent cleanup (Young) 3389M->367M(4096M) 0.247ms
[30.625s][info][gc] GC(1564) Concurrent cleanup (Young) 3662M->628M(4096M) 0.246ms
[30.649s][info][gc] GC(1565) Concurrent cleanup (Young) 3190M->150M(4096M) 0.172ms
[30.678s][info][gc] GC(1566) Concurrent cleanup (Young) 3225M->69M(4096M) 0.175ms
[30.709s][info][gc] GC(1567) Concur

---

> **生成时间**: 2026-03-25
