# JDK-8308854: G1 archive region allocation may expand/shrink the heap above/below -Xms

## 基本信息

| 属性 | 值 |
|------|-----|
| **Issue** | [JDK-8308854](https://bugs.openjdk.org/browse/JDK-8308854) |
| **PR** | [#25036](https://github.com/openjdk/jdk/pull/25036) |
| **Author** | walulyai |
| **组织** | Oracle |
| **Created** | 2025-05-05 |
| **Merged** | 2025-05-12 |
| **审查天数** | 7 |
| **版本** | JDK 25 |
| **优先级** | P4 |
| **组件** | hotspot |
| **模块** | gc/g1 |
| **代码变更** | +15 / -5 (1 files) |
| **审查者** | albertnetymk, tschatzl (2 人) |

## 描述

Hi,

Please review this change to prevent G1 from shrinking the heap below -Xms when deallocating CDS archive regions. This issue is particularly noticeable when -Xms==-Xmx, G1 still uncommits the archive regions thus shrinking the heap below -Xms. In this change, G1 does not uncommit the archive regions in cases where doing so would shrink the heap below the configured -Xms.

This is a temporary fix, we expect a more complete solution to be delivered under [JDK-8326035](https://bugs.openjdk.org/browse/JDK-8326035).

Testing: gha, manual testing as below:

Mainline:

```
[3.740s][info ][gc,init     ] Heap Min Capacity: 150G
[3.740s][info ][gc,init     ] Heap Initial Capacity: 150G
[3.740s][info ][gc,init     ] Heap Max Capacity: 150G
.
.
[3.749s][debug][gc,ergo,heap] Attempt heap shrinking (CDS archive regions). Total size: 33554432B
.
.
[9.000s][info ][gc          ] GC(0) Pause Full (System.gc()) 10728M->140M(153568M) 119.887ms
```
With patch (No shrinking when -Xms == -Xms):

```
[3.753s][info ][gc,init     ] Heap Min Capacity: 150G
[3.753s][info ][gc,init     ] Heap Initial Capacity: 150G
[3.753s][info ][gc,init     ] Heap Max Capacity: 150G
.
.
[8.773s][info ][gc          ] GC(0) Pause Full (System.gc()) 10687M->140M(153600M) 117.901ms
```
With patch (Shrinking when -Xms != -Xms):

```
[3.755s][info ][gc,init     ] Heap Min Capacity: 153568M
[3.755s][info ][gc,init     ] Heap Initial Capacity: 153568M
[3.755s][info ][gc,init     ] Heap Max Capacity: 150G
.
.
[3.764s][debug][gc,ergo,heap] Attempt heap shrinking (CDS archive regions). Total size: 33554432B (1 Regions)
.
.
[8.919s][info ][gc          ] GC(0) Pause Full (System.gc()) 10692M->140M(153568M) 125.810ms
```

<!-- Anything below this marker will be automatically updated, please do not edit manually! -->
---------
### Progress
- [x] Change must be properly reviewed (1 review required, with at least 1 [Reviewer](https://openjdk.org/bylaws#reviewer))
- [x] Change mu

---

> **生成时间**: 2026-03-25
