# JDK-8307346: - Add missing gc+phases logging for ObjectCount(AfterGC) JFR event collection code

## 基本信息

| 属性 | 值 |
|------|-----|
| **Issue** | [JDK-8307346](https://bugs.openjdk.org/browse/JDK-8307346) |
| **PR** | [#13772](https://github.com/openjdk/jdk/pull/13772) |
| **Author** | olivergillespie |
| **组织** | Amazon |
| **Created** | 2023-05-03 |
| **Merged** | 2023-05-04 |
| **审查天数** | 1 |
| **版本** | JDK 21 |
| **优先级** | P4 |
| **组件** | hotspot |
| **模块** | gc |
| **代码变更** | +12 / -3 (3 files) |
| **审查者** | albertnetymk, shipilev, tschatzl (3 人) |

## 描述

Add logging for the time taken to collect/report ObjectCount(AfterGC) event to Serial, Parallel and G1 full collectors, for parity with the G1 concurrent collector. This event can be *very* expensive to collect (single threaded STW full heap scan), so it's very important to show it clearly to the user.

Added output:
```
Serial

[7.976s][debug][gc,phases      ] GC(7) Trigger cleanups 0.002ms
[7.977s][debug][gc,phases      ] GC(7) Class Unloading 0.556ms
++ [7.977s][debug][gc,phases,start] GC(7) Report Object Count
++ [8.529s][debug][gc,phases      ] GC(7) Report Object Count 552.065ms
[8.529s][info ][gc,phases      ] GC(7) Phase 1: Mark live objects 1066.882ms
[8.529s][info ][gc,phases,start] GC(7) Phase 2: Compute new object addresses

Parallel

[5.786s][debug][gc,phases      ] GC(12) Trigger cleanups 0.002ms
[5.786s][debug][gc,phases      ] GC(12) Class Unloading 0.556ms
++ [5.786s][debug][gc,phases,start] GC(12) Report Object Count
++ [6.313s][debug][gc,phases      ] GC(12) Report Object Count 526.307ms
[6.313s][info ][gc,phases      ] GC(12) Marking Phase 889.900ms
[6.313s][info ][gc,phases,start] GC(12) Summary Phase

G1 Full

[3.922s][debug][gc,phases         ] GC(24) Trigger cleanups 0.002ms
[3.922s][debug][gc,phases         ] GC(24) Phase 1: Class Unloading and Cleanup 0.159ms
++ [3.922s][debug][gc,phases,start   ] GC(24) Report Object Count
++ [4.442s][debug][gc,phases         ] GC(24) Report Object Count 519.292ms
[4.442s][info ][gc,phases         ] GC(24) Phase 1: Mark live objects 653.209ms
[4.442s][info ][gc,phases,start   ] GC(24) Phase 2: Prepare compaction
```

<!-- Anything below this marker will be automatically updated, please do not edit manually! -->
---------
### Progress
- [x] Change must be properly reviewed (1 review required, with at least 1 [Reviewer](https://openjdk.org/bylaws#reviewer))
- [x] Change must not contain extraneous whitespace
- [x] Commit message must refer to an issue

### Issue
 * [JDK-8307346]


> **Backported to**: JDK 17u

---

> **生成时间**: 2026-03-25
