# JDK-8269222: Incorrect number of workers reported for reference processing

## 基本信息

| 属性 | 值 |
|------|-----|
| **Issue** | [JDK-8269222](https://bugs.openjdk.org/browse/JDK-8269222) |
| **PR** | [#4588](https://github.com/openjdk/jdk/pull/4588) |
| **Author** | albertnetymk |
| **组织** | Oracle |
| **Created** | 2021-06-24 |
| **Merged** | 2021-06-28 |
| **审查天数** | 4 |
| **版本** | JDK 17 |
| **优先级** | P4 |
| **组件** | hotspot |
| **模块** | runtime/process |
| **代码变更** | +23 / -8 (5 files) |
| **审查者** | sangheon, tschatzl (2 人) |

## 描述

Override the `worker_id` used by worker time trackers to `0` in sequential ref-processing.

With this patch, `java -XX:+UseParallelGC -Xms2g -Xmx2g -XX:+ParallelRefProcEnabled -Xlog:gc,gc+phases+ref=debug:gc.log::filecount=0 -jar dacapo-9.12-MR1-bach.jar h2 -n 1` prints

```
[2.159s][debug][gc,phases,ref] GC(0)   Reconsider SoftReferences: 0.0ms
[2.159s][debug][gc,phases,ref] GC(0)     SoftRef (ms):                  skipped
[2.159s][debug][gc,phases,ref] GC(0)   Notify Soft/WeakReferences: 0.1ms
[2.159s][debug][gc,phases,ref] GC(0)     SoftRef (ms):                  Min:  0.0, Avg:  0.0, Max:  0.0, Diff:  0.0, Sum:  0.0, Workers: 1
[2.159s][debug][gc,phases,ref] GC(0)     WeakRef (ms):                  Min:  0.0, Avg:  0.0, Max:  0.0, Diff:  0.0, Sum:  0.0, Workers: 1
[2.159s][debug][gc,phases,ref] GC(0)     FinalRef (ms):                 Min:  0.0, Avg:  0.0, Max:  0.0, Diff:  0.0, Sum:  0.0, Workers: 1
[2.159s][debug][gc,phases,ref] GC(0)     Total (ms):                    Min:  0.0, Avg:  0.0, Max:  0.0, Diff:  0.0, Sum:  0.0, Workers: 1
[2.159s][debug][gc,phases,ref] GC(0)   Notify and keep alive finalizable: 0.0ms
[2.159s][debug][gc,phases,ref] GC(0)     FinalRef (ms):                 skipped
[2.159s][debug][gc,phases,ref] GC(0)   Notify PhantomReferences: 0.0ms
[2.159s][debug][gc,phases,ref] GC(0)     PhantomRef (ms):               Min:  0.0, Avg:  0.0, Max:  0.0, Diff:  0.0, Sum:  0.0, Workers: 1
[2.159s][debug][gc,phases,ref] GC(0)   SoftReference:
[2.159s][debug][gc,phases,ref] GC(0)     Discovered: 0
[2.159s][debug][gc,phases,ref] GC(0)     Cleared: 0
[2.159s][debug][gc,phases,ref] GC(0)   WeakReference:
[2.159s][debug][gc,phases,ref] GC(0)     Discovered: 316
[2.159s][debug][gc,phases,ref] GC(0)     Cleared: 188
[2.159s][debug][gc,phases,ref] GC(0)   FinalReference:
[2.159s][debug][gc,phases,ref] GC(0)     Discovered: 4
[2.159s][debug][gc,phases,ref] GC(0)     Cleared: 4
[2.159s][debug][gc,phases,ref] GC(0)   PhantomReference:
[2

---

> **生成时间**: 2026-03-25
