# JDK-8350314: Shenandoah: Capture thread state sync times in GC timings

## 基本信息

| 属性 | 值 |
|------|-----|
| **Issue** | [JDK-8350314](https://bugs.openjdk.org/browse/JDK-8350314) |
| **PR** | [#23759](https://github.com/openjdk/jdk/pull/23759) |
| **Author** | pengxiaolong |
| **组织** | Amazon |
| **Created** | 2025-02-25 |
| **Merged** | 2025-02-27 |
| **审查天数** | 2 |
| **版本** | JDK 25 |
| **优先级** | P4 |
| **组件** | hotspot |
| **模块** | gc/shenandoah |
| **代码变更** | +40 / -7 (6 files) |
| **审查者** | earthling-amzn, pengxiaolong, shipilev, ysramakrishna (4 人) |

## 描述

The change is to improve the observability of  Shenandoah GC, basically there are three changes for  Shenandoah GC timings in this PR:

1. Net GC pause timings include the time to propagate GC state to Java threads
2. Add new timing "Propagate GC state" in Shenandoah GC timing logs
3. Removal of the call of `propagate_gc_state_to_all_threads` from "init_update_refs", which handles gc state in handshake already. 

With the change, the new GC timing log will be like:
```
[11.056s][info][gc,stats    ] Concurrent Reset                     89 us
[11.056s][info][gc,stats    ] Pause Init Mark (G)                 257 us
[11.056s][info][gc,stats    ] Pause Init Mark (N)                  17 us
[11.056s][info][gc,stats    ]   Update Region States                3 us
[11.056s][info][gc,stats    ]   Propagate GC state                  1 us
[11.056s][info][gc,stats    ] Concurrent Mark Roots               232 us, parallelism: 1.96x
[11.056s][info][gc,stats    ]   CMR: <total>                      456 us
[11.056s][info][gc,stats    ]   CMR: Thread Roots                 429 us, workers (us): 139, 148, 142, ---, ---, ---, 
[11.057s][info][gc,stats    ]   CMR: VM Strong Roots               11 us, workers (us):   8,   3,   0, ---, ---, ---, 
[11.057s][info][gc,stats    ]   CMR: CLDG Roots                    16 us, workers (us):  16, ---, ---, ---, ---, ---, 
[11.057s][info][gc,stats    ] Concurrent Marking                 1304 us, parallelism: 2.33x
[11.057s][info][gc,stats    ]   CM: <total>                      3043 us
[11.057s][info][gc,stats    ]   CM: Parallel Mark                3043 us, workers (us): 1023, 1017, 1003, ---, ---, ---, 
[11.057s][info][gc,stats    ]   Flush SATB                        204 us
[11.057s][info][gc,stats    ] Pause Final Mark (G)                865 us
[11.057s][info][gc,stats    ] Pause Final Mark (N)                234 us
[11.057s][info][gc,stats    ]   Finish Mark                       129 us, parallelism: 0.01x
[11.057s][inf

---

> **生成时间**: 2026-03-25
