# JDK-8277983: Remove unused fields from sun.net.www.protocol.jar.JarURLConnection

## 基本信息

| 属性 | 值 |
|------|-----|
| **Issue** | [JDK-8277983](https://bugs.openjdk.org/browse/JDK-8277983) |
| **PR** | [#6649](https://github.com/openjdk/jdk/pull/6649) |
| **Author** | stsypanov |
| **组织** | Independent |
| **Created** | 2021-12-01 |
| **Merged** | 2022-01-26 |
| **审查天数** | 56 |
| **版本** | JDK 18 |
| **优先级** | P4 |
| **组件** | core-libs |
| **模块** | core-libs/java.net |
| **代码变更** | +11 / -31 (1 files) |
| **审查者** | dfuch (1 人) |

## 描述

There are some fields that are unused in current implementation of `JarURLConnection`:
- debug
- jarFileURL
- permission
- jarFileURLConnection (inherited one can be used)
- entryName (can be taken from super-class)

They can be safely removed reducing object footprint. Before:
```
sun.net.www.protocol.jar.JarURLConnection object internals:
 OFFSET  SIZE                        TYPE DESCRIPTION                               VALUE
      0    12                             (object header)                           N/A
     12     4                         int URLConnection.connectTimeout              N/A
     16     8                        long URLConnection.ifModifiedSince             N/A
     24     4                         int URLConnection.readTimeout                 N/A
     28     1                     boolean URLConnection.doInput                     N/A
     29     1                     boolean URLConnection.doOutput                    N/A
     30     1                     boolean URLConnection.allowUserInteraction        N/A
     31     1                     boolean URLConnection.useCaches                   N/A
     32     1                     boolean URLConnection.connected                   N/A
     33     3                             (alignment/padding gap)                  
     36     4                java.net.URL URLConnection.url                         N/A
     40     4   sun.net.www.MessageHeader URLConnection.requests                    N/A
     44     4                java.net.URL JarURLConnection.jarFileURL               N/A
     48     4            java.lang.String JarURLConnection.entryName                N/A
     52     4      java.net.URLConnection JarURLConnection.jarFileURLConnection     N/A
     56     4                java.net.URL JarURLConnection.jarFileURL               N/A
     60     4    java.security.Permission JarURLConnection.permission               N/A
     64     4      java.net.URLConnection JarUR

---

> **生成时间**: 2026-03-25
