# JDK-8277399: ZGC: Move worker thread logging out of gc+phase=debug

## 基本信息

| 属性 | 值 |
|------|-----|
| **Issue** | [JDK-8277399](https://bugs.openjdk.org/browse/JDK-8277399) |
| **PR** | [#6457](https://github.com/openjdk/jdk/pull/6457) |
| **Author** | stefank |
| **组织** | Oracle |
| **Created** | 2021-11-18 |
| **Merged** | 2021-11-24 |
| **审查天数** | 6 |
| **版本** | JDK 18 |
| **优先级** | P4 |
| **组件** | hotspot |
| **模块** | gc/zgc |
| **代码变更** | +15 / -4 (1 files) |
| **审查者** | fisk, pliden (2 人) |

## 描述

When extra ZGC phase logging is turned on with -Xlog:gc+phase=debug log sub-phases, but we also log what the individual threads are doing. The thread logging is often quite excessive, and not always wanted. I propose that we move it to its own tagset -Xlog:gc+phase+thread=debug.

Output with -Xlog:gc,gc+phases=debug

Before:
```
[0,625s][info ][gc,phases] GC(1) Pause Mark Start 0,006ms
[0,625s][debug][gc,phases] GC(1) Concurrent Roots OopStorageSet (ZWorker#5) 0,000ms
[0,625s][debug][gc,phases] GC(1) Concurrent Roots OopStorageSet (ZWorker#2) 0,000ms
[0,625s][debug][gc,phases] GC(1) Concurrent Roots OopStorageSet (ZWorker#4) 0,005ms
[0,625s][debug][gc,phases] GC(1) Concurrent Roots ClassLoaderDataGraph (ZWorker#4) 0,002ms
[0,625s][debug][gc,phases] GC(1) Concurrent Roots OopStorageSet (ZWorker#7) 0,004ms
[0,625s][debug][gc,phases] GC(1) Concurrent Roots OopStorageSet (ZWorker#3) 0,000ms
[0,625s][debug][gc,phases] GC(1) Concurrent Roots OopStorageSet (ZWorker#0) 0,000ms
[0,625s][debug][gc,phases] GC(1) Concurrent Roots OopStorageSet (ZWorker#1) 0,014ms
[0,625s][debug][gc,phases] GC(1) Concurrent Roots ClassLoaderDataGraph (ZWorker#2) 0,004ms
[0,625s][debug][gc,phases] GC(1) Concurrent Roots JavaThreads (ZWorker#2) 0,004ms
[0,625s][debug][gc,phases] GC(1) Concurrent Roots JavaThreads (ZWorker#1) 0,011ms
[0,625s][debug][gc,phases] GC(1) Concurrent Roots OopStorageSet (ZWorker#6) 0,000ms
[0,625s][debug][gc,phases] GC(1) Concurrent Roots JavaThreads (ZWorker#7) 0,088ms
[0,625s][debug][gc,phases] GC(1) Concurrent Roots JavaThreads (ZWorker#3) 0,120ms
[0,626s][debug][gc,phases] GC(1) Concurrent Roots JavaThreads (ZWorker#0) 0,150ms
[0,626s][debug][gc,phases] GC(1) Concurrent Roots ClassLoaderDataGraph (ZWorker#5) 0,230ms
[0,626s][debug][gc,phases] GC(1) Concurrent Roots JavaThreads (ZWorker#4) 1,099ms
[0,627s][debug][gc,phases] GC(1) Concurrent Mark Try Flush (ZWorker#2) 0,029ms
[0,628s][debug][gc,phases] GC(1) Concurrent Mark Try Terminate (ZWorke

---

> **生成时间**: 2026-03-25
